RAM Allocation [bytes]
Variable                                                                          Address   Size
------------------------------------------------------------------------------------------------
predefinedUsers                                                                   0x063A     160
registeredUsers                                                                   0x06DA     400
inputBuffer                                                                       0x086A      20
tempPassword                                                                      0x087E      20
loggedUser                                                                        0x0892      20
currentTime                                                                       0x08A6       6
shutdownTime                                                                      0x08AC       6
menuOptions                                                                       0x08B2       6
numMenuOptions                                                                    0x08B8       2
isMenuOpen                                                                        0x08BA       2
menuSelection                                                                     0x08BC       2
voltage                                                                           0x08BE       4
voltageStr                                                                        0x08C2      20
timeBuffer                                                                        0x08D6      10
c                                                                                 0x08E0       1
lcdBuffer                                                                         0x08E1      20
durationBuffer                                                                    0x08F5      10
i                                                                                 0x08FF       2
digitIndex                                                                        0x0901       1
digitCodes                                                                        0x0902       8
lastVoltage                                                                       0x090A       4
_seed                                                                             0x090E       4
_base_y                                                                           0x0912       4
_lcd_x                                                                            0x0916       1
_lcd_y                                                                            0x0917       1
_lcd_maxx                                                                         0x0918       1

EEPROM Allocation [bytes]
Variable                                                                          Address   Size
------------------------------------------------------------------------------------------------

Register Allocation
Variable                                                                          Register  Size
------------------------------------------------------------------------------------------------
adc_result                                                                        R4,R5        2
numPredefinedUsers                                                                R6,R7        2
numRegisteredUsers                                                                R8,R9        2
bufferIndex                                                                       R10,R11      2
isRegistering                                                                     R12,R13      2

FLASH Allocation [words]
Function                                                                          Address   Size
------------------------------------------------------------------------------------------------
send_string                                                                       0x001D1     21
check_user                                                                        0x001E6     55
check_password                                                                    0x0021D     76
check_new_password                                                                0x00269      8
check_confirm_password                                                            0x00271     31
usart_rx_isr                                                                      0x00290     70
get7SegmentCode                                                                   0x002D6     22
display_on_7segment                                                               0x002EC    134
measure_voltage                                                                   0x00372     74
set_clock                                                                         0x003BC     80
auto_shutdown                                                                     0x0040C    160
main                                                                              0x004AC    126
put_buff_G100                                                                     0x0052A     57
_print_G100                                                                       0x00563    308
sprintf                                                                           0x00697     50
get_buff_G100                                                                     0x006C9     42
_scanf_G100                                                                       0x006F3    322
sscanf                                                                            0x00835     45
strcmp                                                                            0x00862     20
strcpy                                                                            0x00876     13
strcspn                                                                           0x00883     22
strlen                                                                            0x00899     12
strlenf                                                                           0x008A5     13
strncat                                                                           0x008B2     21
_lcd_write_nibble_G103                                                            0x008C7     20
_lcd_write_data                                                                   0x008DB     12
lcd_gotoxy                                                                        0x008E7     17
lcd_clear                                                                         0x008F8     14
lcd_putchar                                                                       0x00906     32
lcd_puts                                                                          0x00926     15
lcd_putsf                                                                         0x00935     19
isdigit                                                                           0x00948      9
isspace                                                                           0x00951     11
isxdigit                                                                          0x0095C     15
